size_equal_to_zero.cpp:1:8: error: Use 'empty()' instead of comparing 'size()' with '0'
if (foo.size() == 0) {
       ^^^^^^^^^^^^
