module_header_not_first.c:3:10: error: Header 'module_header_not_first.h' should be first include in 'module_header_not_first.c'
#include "module_header_not_first.h"
         ^^^^^^^^^^^^^^^^^^^^^^^^^^^
